16:02:26 INFO  : Launching XSCT server: xsct.bat -n  -interactive C:\Users\linnh\Sep-repository-2\Avancefinal\temp_xsdb_launch_script.tcl
16:02:27 INFO  : Registering command handlers for Vitis TCF services
16:02:30 INFO  : XSCT server has started successfully.
16:02:30 INFO  : plnx-install-location is set to ''
16:02:30 INFO  : Successfully done setting XSCT server connection channel  
16:02:31 INFO  : Successfully done setting workspace for the tool. 
16:02:31 INFO  : Successfully done query RDI_DATADIR 
16:02:33 INFO  : Platform repository initialization has completed.
16:04:06 INFO  : Platform 'HW_Base_Booster' is added to custom repositories.
16:05:28 INFO  : Hardware specification for platform project 'HW_Base_Booster' is updated.
16:06:39 INFO  : Result from executing command 'getProjects': HW_Base_Booster
16:06:39 INFO  : Result from executing command 'getPlatforms': HW_Base_Booster|C:/Users/linnh/Sep-repository-2/Avancefinal/HW_Base_Booster/export/HW_Base_Booster/HW_Base_Booster.xpfm
16:08:56 INFO  : Checking for BSP changes to sync application flags for project 'SW_Base_Booster'...
16:09:13 INFO  : Checking for BSP changes to sync application flags for project 'SW_Base_Booster'...
16:09:26 INFO  : Checking for BSP changes to sync application flags for project 'SW_Base_Booster'...
16:09:39 INFO  : Connected to target on host '127.0.0.1' and port '3121'.
16:09:46 INFO  : Jtag cable 'Digilent Zybo Z7 210351B3FC69A' is selected.
16:09:46 INFO  : 'jtag frequency' command is executed.
16:09:46 INFO  : Context for 'APU' is selected.
16:09:46 INFO  : System reset is completed.
16:09:49 INFO  : 'after 3000' command is executed.
16:09:49 INFO  : 'targets -set -filter {jtag_cable_name =~ "Digilent Zybo Z7 210351B3FC69A" && level==0 && jtag_device_ctx=="jsn-Zybo Z7-210351B3FC69A-13722093-0"}' command is executed.
16:09:51 INFO  : FPGA configured successfully with bitstream "C:/Users/linnh/Sep-repository-2/Avancefinal/SW_Base_Booster/_ide/bitstream/DEMO_wrapper.bit"
16:09:51 INFO  : Context for 'APU' is selected.
16:09:51 INFO  : Hardware design and registers information is loaded from 'C:/Users/linnh/Sep-repository-2/Avancefinal/HW_Base_Booster/export/HW_Base_Booster/hw/DEMO_wrapper.xsa'.
16:09:51 INFO  : 'configparams force-mem-access 1' command is executed.
16:09:51 INFO  : Context for 'APU' is selected.
16:09:51 INFO  : Sourcing of 'C:/Users/linnh/Sep-repository-2/Avancefinal/SW_Base_Booster/_ide/psinit/ps7_init.tcl' is done.
16:09:52 INFO  : 'ps7_init' command is executed.
16:09:52 INFO  : 'ps7_post_config' command is executed.
16:09:53 INFO  : Context for processor 'ps7_cortexa9_0' is selected.
16:09:53 INFO  : The application 'C:/Users/linnh/Sep-repository-2/Avancefinal/SW_Base_Booster/Debug/SW_Base_Booster.elf' is downloaded to processor 'ps7_cortexa9_0'.
16:09:53 INFO  : Connected to target on host '127.0.0.1' and port '3121'.
16:09:53 INFO  : 'configparams force-mem-access 0' command is executed.
16:09:53 INFO  : ----------------XSDB Script----------------
connect -url tcp:127.0.0.1:3121
targets -set -nocase -filter {name =~"APU*"}
rst -system
after 3000
targets -set -filter {jtag_cable_name =~ "Digilent Zybo Z7 210351B3FC69A" && level==0 && jtag_device_ctx=="jsn-Zybo Z7-210351B3FC69A-13722093-0"}
fpga -file C:/Users/linnh/Sep-repository-2/Avancefinal/SW_Base_Booster/_ide/bitstream/DEMO_wrapper.bit
targets -set -nocase -filter {name =~"APU*"}
loadhw -hw C:/Users/linnh/Sep-repository-2/Avancefinal/HW_Base_Booster/export/HW_Base_Booster/hw/DEMO_wrapper.xsa -mem-ranges [list {0x40000000 0xbfffffff}] -regs
configparams force-mem-access 1
targets -set -nocase -filter {name =~"APU*"}
source C:/Users/linnh/Sep-repository-2/Avancefinal/SW_Base_Booster/_ide/psinit/ps7_init.tcl
ps7_init
ps7_post_config
targets -set -nocase -filter {name =~ "*A9*#0"}
dow C:/Users/linnh/Sep-repository-2/Avancefinal/SW_Base_Booster/Debug/SW_Base_Booster.elf
configparams force-mem-access 0
----------------End of Script----------------

16:09:54 INFO  : Context for processor 'ps7_cortexa9_0' is selected.
16:09:54 INFO  : 'con' command is executed.
16:09:54 INFO  : ----------------XSDB Script (After Launch)----------------
targets -set -nocase -filter {name =~ "*A9*#0"}
con
----------------End of Script----------------

16:09:54 INFO  : Launch script is exported to file 'C:\Users\linnh\Sep-repository-2\Avancefinal\.sdk\launch_scripts\single_application_debug\debugger_sw_base_booster-default_1.tcl'
16:09:54 INFO  : Jtag cable 'Digilent Zybo Z7 210351B3FC69A' is selected.
16:09:54 INFO  : 'jtag frequency' command is executed.
16:09:54 INFO  : Context for 'APU' is selected.
16:09:54 INFO  : System reset is completed.
16:09:57 INFO  : 'after 3000' command is executed.
16:09:58 INFO  : 'targets -set -filter {jtag_cable_name =~ "Digilent Zybo Z7 210351B3FC69A" && level==0 && jtag_device_ctx=="jsn-Zybo Z7-210351B3FC69A-13722093-0"}' command is executed.
16:09:59 INFO  : FPGA configured successfully with bitstream "C:/Users/linnh/Sep-repository-2/Avancefinal/SW_Base_Booster/_ide/bitstream/DEMO_wrapper.bit"
16:09:59 INFO  : Context for 'APU' is selected.
16:09:59 INFO  : Hardware design and registers information is loaded from 'C:/Users/linnh/Sep-repository-2/Avancefinal/HW_Base_Booster/export/HW_Base_Booster/hw/DEMO_wrapper.xsa'.
16:09:59 INFO  : 'configparams force-mem-access 1' command is executed.
16:09:59 INFO  : Context for 'APU' is selected.
16:09:59 INFO  : Sourcing of 'C:/Users/linnh/Sep-repository-2/Avancefinal/SW_Base_Booster/_ide/psinit/ps7_init.tcl' is done.
16:10:00 INFO  : 'ps7_init' command is executed.
16:10:00 INFO  : 'ps7_post_config' command is executed.
16:10:00 INFO  : Context for processor 'ps7_cortexa9_0' is selected.
16:10:01 INFO  : The application 'C:/Users/linnh/Sep-repository-2/Avancefinal/SW_Base_Booster/Debug/SW_Base_Booster.elf' is downloaded to processor 'ps7_cortexa9_0'.
16:10:01 INFO  : 'configparams force-mem-access 0' command is executed.
16:10:01 INFO  : ----------------XSDB Script----------------
connect -url tcp:127.0.0.1:3121
targets -set -nocase -filter {name =~"APU*"}
rst -system
after 3000
targets -set -filter {jtag_cable_name =~ "Digilent Zybo Z7 210351B3FC69A" && level==0 && jtag_device_ctx=="jsn-Zybo Z7-210351B3FC69A-13722093-0"}
fpga -file C:/Users/linnh/Sep-repository-2/Avancefinal/SW_Base_Booster/_ide/bitstream/DEMO_wrapper.bit
targets -set -nocase -filter {name =~"APU*"}
loadhw -hw C:/Users/linnh/Sep-repository-2/Avancefinal/HW_Base_Booster/export/HW_Base_Booster/hw/DEMO_wrapper.xsa -mem-ranges [list {0x40000000 0xbfffffff}] -regs
configparams force-mem-access 1
targets -set -nocase -filter {name =~"APU*"}
source C:/Users/linnh/Sep-repository-2/Avancefinal/SW_Base_Booster/_ide/psinit/ps7_init.tcl
ps7_init
ps7_post_config
targets -set -nocase -filter {name =~ "*A9*#0"}
dow C:/Users/linnh/Sep-repository-2/Avancefinal/SW_Base_Booster/Debug/SW_Base_Booster.elf
configparams force-mem-access 0
----------------End of Script----------------

16:10:01 INFO  : Context for processor 'ps7_cortexa9_0' is selected.
16:10:01 INFO  : 'con' command is executed.
16:10:01 INFO  : ----------------XSDB Script (After Launch)----------------
targets -set -nocase -filter {name =~ "*A9*#0"}
con
----------------End of Script----------------

16:10:01 INFO  : Launch script is exported to file 'C:\Users\linnh\Sep-repository-2\Avancefinal\.sdk\launch_scripts\single_application_debug\debugger_sw_base_booster-default_1.tcl'
16:15:14 INFO  : Checking for BSP changes to sync application flags for project 'SW_Base_Booster'...
16:16:14 INFO  : Checking for BSP changes to sync application flags for project 'SW_Base_Booster'...
16:16:27 INFO  : Disconnected from the channel tcfchan#3.
16:16:28 INFO  : Connected to target on host '127.0.0.1' and port '3121'.
16:16:28 INFO  : Jtag cable 'Digilent Zybo Z7 210351B3FC69A' is selected.
16:16:28 INFO  : 'jtag frequency' command is executed.
16:16:28 INFO  : Context for 'APU' is selected.
16:16:28 INFO  : System reset is completed.
16:16:31 INFO  : 'after 3000' command is executed.
16:16:31 INFO  : 'targets -set -filter {jtag_cable_name =~ "Digilent Zybo Z7 210351B3FC69A" && level==0 && jtag_device_ctx=="jsn-Zybo Z7-210351B3FC69A-13722093-0"}' command is executed.
16:16:33 INFO  : FPGA configured successfully with bitstream "C:/Users/linnh/Sep-repository-2/Avancefinal/SW_Base_Booster/_ide/bitstream/DEMO_wrapper.bit"
16:16:33 INFO  : Context for 'APU' is selected.
16:16:33 INFO  : Hardware design and registers information is loaded from 'C:/Users/linnh/Sep-repository-2/Avancefinal/HW_Base_Booster/export/HW_Base_Booster/hw/DEMO_wrapper.xsa'.
16:16:33 INFO  : 'configparams force-mem-access 1' command is executed.
16:16:33 INFO  : Context for 'APU' is selected.
16:16:33 INFO  : Sourcing of 'C:/Users/linnh/Sep-repository-2/Avancefinal/SW_Base_Booster/_ide/psinit/ps7_init.tcl' is done.
16:16:34 INFO  : 'ps7_init' command is executed.
16:16:34 INFO  : 'ps7_post_config' command is executed.
16:16:34 INFO  : Context for processor 'ps7_cortexa9_0' is selected.
16:16:34 INFO  : The application 'C:/Users/linnh/Sep-repository-2/Avancefinal/SW_Base_Booster/Debug/SW_Base_Booster.elf' is downloaded to processor 'ps7_cortexa9_0'.
16:16:34 INFO  : 'configparams force-mem-access 0' command is executed.
16:16:34 INFO  : ----------------XSDB Script----------------
connect -url tcp:127.0.0.1:3121
targets -set -nocase -filter {name =~"APU*"}
rst -system
after 3000
targets -set -filter {jtag_cable_name =~ "Digilent Zybo Z7 210351B3FC69A" && level==0 && jtag_device_ctx=="jsn-Zybo Z7-210351B3FC69A-13722093-0"}
fpga -file C:/Users/linnh/Sep-repository-2/Avancefinal/SW_Base_Booster/_ide/bitstream/DEMO_wrapper.bit
targets -set -nocase -filter {name =~"APU*"}
loadhw -hw C:/Users/linnh/Sep-repository-2/Avancefinal/HW_Base_Booster/export/HW_Base_Booster/hw/DEMO_wrapper.xsa -mem-ranges [list {0x40000000 0xbfffffff}] -regs
configparams force-mem-access 1
targets -set -nocase -filter {name =~"APU*"}
source C:/Users/linnh/Sep-repository-2/Avancefinal/SW_Base_Booster/_ide/psinit/ps7_init.tcl
ps7_init
ps7_post_config
targets -set -nocase -filter {name =~ "*A9*#0"}
dow C:/Users/linnh/Sep-repository-2/Avancefinal/SW_Base_Booster/Debug/SW_Base_Booster.elf
configparams force-mem-access 0
----------------End of Script----------------

16:16:35 INFO  : Context for processor 'ps7_cortexa9_0' is selected.
16:16:35 INFO  : 'con' command is executed.
16:16:35 INFO  : ----------------XSDB Script (After Launch)----------------
targets -set -nocase -filter {name =~ "*A9*#0"}
con
----------------End of Script----------------

16:16:35 INFO  : Launch script is exported to file 'C:\Users\linnh\Sep-repository-2\Avancefinal\.sdk\launch_scripts\single_application_debug\debugger_sw_base_booster-default_2.tcl'
16:29:40 INFO  : Disconnected from the channel tcfchan#4.
16:30:42 INFO  : Launching XSCT server: xsct.bat -n  -interactive C:\Users\linnh\Sep-repository-2\Avancefinal\temp_xsdb_launch_script.tcl
16:30:46 INFO  : XSCT server has started successfully.
16:30:46 INFO  : plnx-install-location is set to ''
16:30:46 INFO  : Successfully done setting XSCT server connection channel  
16:30:46 INFO  : Successfully done setting workspace for the tool. 
16:30:55 INFO  : Platform repository initialization has completed.
16:30:56 INFO  : Successfully done query RDI_DATADIR 
16:30:58 INFO  : Registering command handlers for Vitis TCF services
22:34:57 INFO  : Launching XSCT server: xsct.bat -n  -interactive C:\Users\linnh\Sep-repository-2\Avancefinal\temp_xsdb_launch_script.tcl
22:35:03 INFO  : XSCT server has started successfully.
22:35:03 INFO  : Successfully done setting XSCT server connection channel  
22:35:03 INFO  : plnx-install-location is set to ''
22:35:03 INFO  : Successfully done setting workspace for the tool. 
22:35:12 INFO  : Platform repository initialization has completed.
22:35:13 INFO  : Registering command handlers for Vitis TCF services
22:35:23 INFO  : Successfully done query RDI_DATADIR 
07:06:58 INFO  : Launching XSCT server: xsct.bat -n  -interactive C:\Users\linnh\Sep-repository-2\Avancefinal\temp_xsdb_launch_script.tcl
07:07:06 INFO  : XSCT server has started successfully.
07:07:06 INFO  : Successfully done setting XSCT server connection channel  
07:07:06 INFO  : plnx-install-location is set to ''
07:07:06 INFO  : Successfully done setting workspace for the tool. 
07:07:17 INFO  : Platform repository initialization has completed.
07:07:21 INFO  : Registering command handlers for Vitis TCF services
07:07:31 INFO  : Successfully done query RDI_DATADIR 
16:14:39 INFO  : Launching XSCT server: xsct.bat -n  -interactive C:\Users\linnh\Sep-repository-2\Avancefinal\temp_xsdb_launch_script.tcl
16:14:47 INFO  : XSCT server has started successfully.
16:14:47 INFO  : Successfully done setting XSCT server connection channel  
16:14:47 INFO  : plnx-install-location is set to ''
16:14:47 INFO  : Successfully done setting workspace for the tool. 
16:15:00 INFO  : Platform repository initialization has completed.
16:15:01 INFO  : Registering command handlers for Vitis TCF services
16:15:13 INFO  : Successfully done query RDI_DATADIR 
16:16:42 INFO  : Result from executing command 'getProjects': HW_Base_Booster
16:16:47 INFO  : Result from executing command 'getPlatforms': HW_Base_Booster|C:/Users/linnh/Sep-repository-2/Avancefinal/HW_Base_Booster/export/HW_Base_Booster/HW_Base_Booster.xpfm
16:16:48 INFO  : Checking for BSP changes to sync application flags for project 'SW_Base_Booster'...
16:17:11 INFO  : Hardware specification for platform project 'HW_Base_Booster' is updated.
16:25:19 INFO  : Result from executing command 'getProjects': HW_Base_Booster
16:25:19 INFO  : Result from executing command 'getPlatforms': HW_Base_Booster|C:/Users/linnh/Sep-repository-2/Avancefinal/HW_Base_Booster/export/HW_Base_Booster/HW_Base_Booster.xpfm
16:27:07 INFO  : Checking for BSP changes to sync application flags for project 'SW_Base_Booster'...
16:27:14 INFO  : Updating application flags with new BSP settings...
16:27:14 INFO  : Successfully updated application flags for project SW_Base_Booster.
16:32:39 INFO  : Checking for BSP changes to sync application flags for project 'SW_Base_Booster'...
16:34:49 INFO  : Checking for BSP changes to sync application flags for project 'SW_Base_Booster'...
16:35:52 INFO  : Checking for BSP changes to sync application flags for project 'SW_Base_Booster'...
16:38:02 INFO  : Hardware specification for platform project 'HW_Base_Booster' is updated.
16:38:12 INFO  : Result from executing command 'getProjects': HW_Base_Booster
16:38:12 INFO  : Result from executing command 'getPlatforms': HW_Base_Booster|C:/Users/linnh/Sep-repository-2/Avancefinal/HW_Base_Booster/export/HW_Base_Booster/HW_Base_Booster.xpfm
16:39:04 INFO  : The hardware specfication used by project 'SW_Base_Booster' is out of sync with the platform. Resource files extracted from the hardware specfiication will be updated.
16:39:04 INFO  : The file 'C:\Users\linnh\Sep-repository-2\Avancefinal\SW_Base_Booster\_ide\bitstream\DEMO_wrapper.bit' stored in project is removed.
16:39:04 INFO  : The updated bitstream files are copied from platform to folder 'C:\Users\linnh\Sep-repository-2\Avancefinal\SW_Base_Booster\_ide\bitstream' in project 'SW_Base_Booster'.
16:39:04 INFO  : The file 'C:\Users\linnh\Sep-repository-2\Avancefinal\SW_Base_Booster\_ide\psinit\ps7_init.tcl' stored in project is removed.
16:39:15 INFO  : The updated ps init files are copied from platform to folder 'C:\Users\linnh\Sep-repository-2\Avancefinal\SW_Base_Booster\_ide\psinit' in project 'SW_Base_Booster'.
16:40:10 INFO  : Checking for BSP changes to sync application flags for project 'SW_Base_Booster'...
16:40:52 INFO  : Checking for BSP changes to sync application flags for project 'SW_Base_Booster'...
16:41:01 INFO  : Checking for BSP changes to sync application flags for project 'SW_Base_Booster'...
16:41:07 INFO  : Checking for BSP changes to sync application flags for project 'SW_Base_Booster'...
16:42:24 INFO  : Connected to target on host '127.0.0.1' and port '3121'.
16:42:25 INFO  : Jtag cable 'Digilent Zybo Z7 210351B3FC69A' is selected.
16:42:25 INFO  : 'jtag frequency' command is executed.
16:42:25 INFO  : Context for 'APU' is selected.
16:42:26 INFO  : System reset is completed.
16:42:29 INFO  : 'after 3000' command is executed.
16:42:29 INFO  : 'targets -set -filter {jtag_cable_name =~ "Digilent Zybo Z7 210351B3FC69A" && level==0 && jtag_device_ctx=="jsn-Zybo Z7-210351B3FC69A-13722093-0"}' command is executed.
16:42:30 INFO  : FPGA configured successfully with bitstream "C:/Users/linnh/Sep-repository-2/Avancefinal/SW_Base_Booster/_ide/bitstream/DEMO_wrapper_new.bit"
16:42:31 INFO  : Context for 'APU' is selected.
16:42:31 INFO  : Hardware design and registers information is loaded from 'C:/Users/linnh/Sep-repository-2/Avancefinal/HW_Base_Booster/export/HW_Base_Booster/hw/DEMO_wrapper_new.xsa'.
16:42:31 INFO  : 'configparams force-mem-access 1' command is executed.
16:42:31 INFO  : Context for 'APU' is selected.
16:42:31 INFO  : Sourcing of 'C:/Users/linnh/Sep-repository-2/Avancefinal/SW_Base_Booster/_ide/psinit/ps7_init.tcl' is done.
16:42:32 INFO  : 'ps7_init' command is executed.
16:42:32 INFO  : 'ps7_post_config' command is executed.
16:42:32 INFO  : Context for processor 'ps7_cortexa9_0' is selected.
16:42:33 INFO  : The application 'C:/Users/linnh/Sep-repository-2/Avancefinal/SW_Base_Booster/Debug/SW_Base_Booster.elf' is downloaded to processor 'ps7_cortexa9_0'.
16:42:33 INFO  : 'configparams force-mem-access 0' command is executed.
16:42:33 INFO  : ----------------XSDB Script----------------
connect -url tcp:127.0.0.1:3121
targets -set -nocase -filter {name =~"APU*"}
rst -system
after 3000
targets -set -filter {jtag_cable_name =~ "Digilent Zybo Z7 210351B3FC69A" && level==0 && jtag_device_ctx=="jsn-Zybo Z7-210351B3FC69A-13722093-0"}
fpga -file C:/Users/linnh/Sep-repository-2/Avancefinal/SW_Base_Booster/_ide/bitstream/DEMO_wrapper_new.bit
targets -set -nocase -filter {name =~"APU*"}
loadhw -hw C:/Users/linnh/Sep-repository-2/Avancefinal/HW_Base_Booster/export/HW_Base_Booster/hw/DEMO_wrapper_new.xsa -mem-ranges [list {0x40000000 0xbfffffff}] -regs
configparams force-mem-access 1
targets -set -nocase -filter {name =~"APU*"}
source C:/Users/linnh/Sep-repository-2/Avancefinal/SW_Base_Booster/_ide/psinit/ps7_init.tcl
ps7_init
ps7_post_config
targets -set -nocase -filter {name =~ "*A9*#0"}
dow C:/Users/linnh/Sep-repository-2/Avancefinal/SW_Base_Booster/Debug/SW_Base_Booster.elf
configparams force-mem-access 0
----------------End of Script----------------

16:42:34 INFO  : Context for processor 'ps7_cortexa9_0' is selected.
16:42:34 INFO  : 'con' command is executed.
16:42:34 INFO  : ----------------XSDB Script (After Launch)----------------
targets -set -nocase -filter {name =~ "*A9*#0"}
con
----------------End of Script----------------

16:42:34 INFO  : Launch script is exported to file 'C:\Users\linnh\Sep-repository-2\Avancefinal\.sdk\launch_scripts\single_application_debug\debugger_sw_base_booster-default_3.tcl'
16:48:30 INFO  : Checking for BSP changes to sync application flags for project 'SW_Base_Booster'...
16:48:43 INFO  : Disconnected from the channel tcfchan#5.
16:48:44 INFO  : Connected to target on host '127.0.0.1' and port '3121'.
16:48:45 INFO  : Jtag cable 'Digilent Zybo Z7 210351B3FC69A' is selected.
16:48:45 INFO  : 'jtag frequency' command is executed.
16:48:45 INFO  : Context for 'APU' is selected.
16:48:45 INFO  : System reset is completed.
16:48:48 INFO  : 'after 3000' command is executed.
16:48:48 INFO  : 'targets -set -filter {jtag_cable_name =~ "Digilent Zybo Z7 210351B3FC69A" && level==0 && jtag_device_ctx=="jsn-Zybo Z7-210351B3FC69A-13722093-0"}' command is executed.
16:48:49 INFO  : FPGA configured successfully with bitstream "C:/Users/linnh/Sep-repository-2/Avancefinal/SW_Base_Booster/_ide/bitstream/DEMO_wrapper_new.bit"
16:48:49 INFO  : Context for 'APU' is selected.
16:48:49 INFO  : Hardware design and registers information is loaded from 'C:/Users/linnh/Sep-repository-2/Avancefinal/HW_Base_Booster/export/HW_Base_Booster/hw/DEMO_wrapper_new.xsa'.
16:48:49 INFO  : 'configparams force-mem-access 1' command is executed.
16:48:49 INFO  : Context for 'APU' is selected.
16:48:49 INFO  : Sourcing of 'C:/Users/linnh/Sep-repository-2/Avancefinal/SW_Base_Booster/_ide/psinit/ps7_init.tcl' is done.
16:48:50 INFO  : 'ps7_init' command is executed.
16:48:50 INFO  : 'ps7_post_config' command is executed.
16:48:50 INFO  : Context for processor 'ps7_cortexa9_0' is selected.
16:48:51 INFO  : The application 'C:/Users/linnh/Sep-repository-2/Avancefinal/SW_Base_Booster/Debug/SW_Base_Booster.elf' is downloaded to processor 'ps7_cortexa9_0'.
16:48:51 INFO  : 'configparams force-mem-access 0' command is executed.
16:48:51 INFO  : ----------------XSDB Script----------------
connect -url tcp:127.0.0.1:3121
targets -set -nocase -filter {name =~"APU*"}
rst -system
after 3000
targets -set -filter {jtag_cable_name =~ "Digilent Zybo Z7 210351B3FC69A" && level==0 && jtag_device_ctx=="jsn-Zybo Z7-210351B3FC69A-13722093-0"}
fpga -file C:/Users/linnh/Sep-repository-2/Avancefinal/SW_Base_Booster/_ide/bitstream/DEMO_wrapper_new.bit
targets -set -nocase -filter {name =~"APU*"}
loadhw -hw C:/Users/linnh/Sep-repository-2/Avancefinal/HW_Base_Booster/export/HW_Base_Booster/hw/DEMO_wrapper_new.xsa -mem-ranges [list {0x40000000 0xbfffffff}] -regs
configparams force-mem-access 1
targets -set -nocase -filter {name =~"APU*"}
source C:/Users/linnh/Sep-repository-2/Avancefinal/SW_Base_Booster/_ide/psinit/ps7_init.tcl
ps7_init
ps7_post_config
targets -set -nocase -filter {name =~ "*A9*#0"}
dow C:/Users/linnh/Sep-repository-2/Avancefinal/SW_Base_Booster/Debug/SW_Base_Booster.elf
configparams force-mem-access 0
----------------End of Script----------------

16:48:51 INFO  : Context for processor 'ps7_cortexa9_0' is selected.
16:48:51 INFO  : 'con' command is executed.
16:48:51 INFO  : ----------------XSDB Script (After Launch)----------------
targets -set -nocase -filter {name =~ "*A9*#0"}
con
----------------End of Script----------------

16:48:51 INFO  : Launch script is exported to file 'C:\Users\linnh\Sep-repository-2\Avancefinal\.sdk\launch_scripts\single_application_debug\debugger_sw_base_booster-default_4.tcl'
16:49:21 INFO  : Checking for BSP changes to sync application flags for project 'SW_Base_Booster'...
16:49:35 INFO  : Disconnected from the channel tcfchan#6.
16:49:36 INFO  : Connected to target on host '127.0.0.1' and port '3121'.
16:49:37 INFO  : Jtag cable 'Digilent Zybo Z7 210351B3FC69A' is selected.
16:49:37 INFO  : 'jtag frequency' command is executed.
16:49:37 INFO  : Context for 'APU' is selected.
16:49:37 INFO  : System reset is completed.
16:49:40 INFO  : 'after 3000' command is executed.
16:49:40 INFO  : 'targets -set -filter {jtag_cable_name =~ "Digilent Zybo Z7 210351B3FC69A" && level==0 && jtag_device_ctx=="jsn-Zybo Z7-210351B3FC69A-13722093-0"}' command is executed.
16:49:41 INFO  : FPGA configured successfully with bitstream "C:/Users/linnh/Sep-repository-2/Avancefinal/SW_Base_Booster/_ide/bitstream/DEMO_wrapper_new.bit"
16:49:41 INFO  : Context for 'APU' is selected.
16:49:41 INFO  : Hardware design and registers information is loaded from 'C:/Users/linnh/Sep-repository-2/Avancefinal/HW_Base_Booster/export/HW_Base_Booster/hw/DEMO_wrapper_new.xsa'.
16:49:41 INFO  : 'configparams force-mem-access 1' command is executed.
16:49:41 INFO  : Context for 'APU' is selected.
16:49:41 INFO  : Sourcing of 'C:/Users/linnh/Sep-repository-2/Avancefinal/SW_Base_Booster/_ide/psinit/ps7_init.tcl' is done.
16:49:42 INFO  : 'ps7_init' command is executed.
16:49:42 INFO  : 'ps7_post_config' command is executed.
16:49:42 INFO  : Context for processor 'ps7_cortexa9_0' is selected.
16:49:43 INFO  : The application 'C:/Users/linnh/Sep-repository-2/Avancefinal/SW_Base_Booster/Debug/SW_Base_Booster.elf' is downloaded to processor 'ps7_cortexa9_0'.
16:49:43 INFO  : 'configparams force-mem-access 0' command is executed.
16:49:43 INFO  : ----------------XSDB Script----------------
connect -url tcp:127.0.0.1:3121
targets -set -nocase -filter {name =~"APU*"}
rst -system
after 3000
targets -set -filter {jtag_cable_name =~ "Digilent Zybo Z7 210351B3FC69A" && level==0 && jtag_device_ctx=="jsn-Zybo Z7-210351B3FC69A-13722093-0"}
fpga -file C:/Users/linnh/Sep-repository-2/Avancefinal/SW_Base_Booster/_ide/bitstream/DEMO_wrapper_new.bit
targets -set -nocase -filter {name =~"APU*"}
loadhw -hw C:/Users/linnh/Sep-repository-2/Avancefinal/HW_Base_Booster/export/HW_Base_Booster/hw/DEMO_wrapper_new.xsa -mem-ranges [list {0x40000000 0xbfffffff}] -regs
configparams force-mem-access 1
targets -set -nocase -filter {name =~"APU*"}
source C:/Users/linnh/Sep-repository-2/Avancefinal/SW_Base_Booster/_ide/psinit/ps7_init.tcl
ps7_init
ps7_post_config
targets -set -nocase -filter {name =~ "*A9*#0"}
dow C:/Users/linnh/Sep-repository-2/Avancefinal/SW_Base_Booster/Debug/SW_Base_Booster.elf
configparams force-mem-access 0
----------------End of Script----------------

16:49:43 INFO  : Context for processor 'ps7_cortexa9_0' is selected.
16:49:43 INFO  : 'con' command is executed.
16:49:43 INFO  : ----------------XSDB Script (After Launch)----------------
targets -set -nocase -filter {name =~ "*A9*#0"}
con
----------------End of Script----------------

16:49:43 INFO  : Launch script is exported to file 'C:\Users\linnh\Sep-repository-2\Avancefinal\.sdk\launch_scripts\single_application_debug\debugger_sw_base_booster-default_5.tcl'
16:49:57 INFO  : Disconnected from the channel tcfchan#7.
16:49:58 INFO  : Connected to target on host '127.0.0.1' and port '3121'.
16:49:59 INFO  : Jtag cable 'Digilent Zybo Z7 210351B3FC69A' is selected.
16:49:59 INFO  : 'jtag frequency' command is executed.
16:49:59 INFO  : Context for 'APU' is selected.
16:49:59 INFO  : System reset is completed.
16:50:02 INFO  : 'after 3000' command is executed.
16:50:02 INFO  : 'targets -set -filter {jtag_cable_name =~ "Digilent Zybo Z7 210351B3FC69A" && level==0 && jtag_device_ctx=="jsn-Zybo Z7-210351B3FC69A-13722093-0"}' command is executed.
16:50:03 INFO  : FPGA configured successfully with bitstream "C:/Users/linnh/Sep-repository-2/Avancefinal/SW_Base_Booster/_ide/bitstream/DEMO_wrapper_new.bit"
16:50:03 INFO  : Context for 'APU' is selected.
16:50:04 INFO  : Hardware design and registers information is loaded from 'C:/Users/linnh/Sep-repository-2/Avancefinal/HW_Base_Booster/export/HW_Base_Booster/hw/DEMO_wrapper_new.xsa'.
16:50:04 INFO  : 'configparams force-mem-access 1' command is executed.
16:50:04 INFO  : Context for 'APU' is selected.
16:50:04 INFO  : Sourcing of 'C:/Users/linnh/Sep-repository-2/Avancefinal/SW_Base_Booster/_ide/psinit/ps7_init.tcl' is done.
16:50:04 INFO  : 'ps7_init' command is executed.
16:50:05 INFO  : 'ps7_post_config' command is executed.
16:50:05 INFO  : Context for processor 'ps7_cortexa9_0' is selected.
16:50:05 INFO  : The application 'C:/Users/linnh/Sep-repository-2/Avancefinal/SW_Base_Booster/Debug/SW_Base_Booster.elf' is downloaded to processor 'ps7_cortexa9_0'.
16:50:05 INFO  : 'configparams force-mem-access 0' command is executed.
16:50:05 INFO  : ----------------XSDB Script----------------
connect -url tcp:127.0.0.1:3121
targets -set -nocase -filter {name =~"APU*"}
rst -system
after 3000
targets -set -filter {jtag_cable_name =~ "Digilent Zybo Z7 210351B3FC69A" && level==0 && jtag_device_ctx=="jsn-Zybo Z7-210351B3FC69A-13722093-0"}
fpga -file C:/Users/linnh/Sep-repository-2/Avancefinal/SW_Base_Booster/_ide/bitstream/DEMO_wrapper_new.bit
targets -set -nocase -filter {name =~"APU*"}
loadhw -hw C:/Users/linnh/Sep-repository-2/Avancefinal/HW_Base_Booster/export/HW_Base_Booster/hw/DEMO_wrapper_new.xsa -mem-ranges [list {0x40000000 0xbfffffff}] -regs
configparams force-mem-access 1
targets -set -nocase -filter {name =~"APU*"}
source C:/Users/linnh/Sep-repository-2/Avancefinal/SW_Base_Booster/_ide/psinit/ps7_init.tcl
ps7_init
ps7_post_config
targets -set -nocase -filter {name =~ "*A9*#0"}
dow C:/Users/linnh/Sep-repository-2/Avancefinal/SW_Base_Booster/Debug/SW_Base_Booster.elf
configparams force-mem-access 0
----------------End of Script----------------

16:50:05 INFO  : Context for processor 'ps7_cortexa9_0' is selected.
16:50:05 INFO  : 'con' command is executed.
16:50:05 INFO  : ----------------XSDB Script (After Launch)----------------
targets -set -nocase -filter {name =~ "*A9*#0"}
con
----------------End of Script----------------

16:50:05 INFO  : Launch script is exported to file 'C:\Users\linnh\Sep-repository-2\Avancefinal\.sdk\launch_scripts\single_application_debug\debugger_sw_base_booster-default_6.tcl'
16:51:44 INFO  : Checking for BSP changes to sync application flags for project 'SW_Base_Booster'...
16:51:53 INFO  : Disconnected from the channel tcfchan#8.
16:51:54 INFO  : Connected to target on host '127.0.0.1' and port '3121'.
16:51:54 INFO  : Jtag cable 'Digilent Zybo Z7 210351B3FC69A' is selected.
16:51:54 INFO  : 'jtag frequency' command is executed.
16:51:54 INFO  : Context for 'APU' is selected.
16:51:55 INFO  : System reset is completed.
16:51:58 INFO  : 'after 3000' command is executed.
16:51:58 INFO  : 'targets -set -filter {jtag_cable_name =~ "Digilent Zybo Z7 210351B3FC69A" && level==0 && jtag_device_ctx=="jsn-Zybo Z7-210351B3FC69A-13722093-0"}' command is executed.
16:51:59 INFO  : FPGA configured successfully with bitstream "C:/Users/linnh/Sep-repository-2/Avancefinal/SW_Base_Booster/_ide/bitstream/DEMO_wrapper_new.bit"
16:51:59 INFO  : Context for 'APU' is selected.
16:51:59 INFO  : Hardware design and registers information is loaded from 'C:/Users/linnh/Sep-repository-2/Avancefinal/HW_Base_Booster/export/HW_Base_Booster/hw/DEMO_wrapper_new.xsa'.
16:51:59 INFO  : 'configparams force-mem-access 1' command is executed.
16:51:59 INFO  : Context for 'APU' is selected.
16:51:59 INFO  : Sourcing of 'C:/Users/linnh/Sep-repository-2/Avancefinal/SW_Base_Booster/_ide/psinit/ps7_init.tcl' is done.
16:52:00 INFO  : 'ps7_init' command is executed.
16:52:00 INFO  : 'ps7_post_config' command is executed.
16:52:00 INFO  : Context for processor 'ps7_cortexa9_0' is selected.
16:52:01 INFO  : The application 'C:/Users/linnh/Sep-repository-2/Avancefinal/SW_Base_Booster/Debug/SW_Base_Booster.elf' is downloaded to processor 'ps7_cortexa9_0'.
16:52:01 INFO  : 'configparams force-mem-access 0' command is executed.
16:52:01 INFO  : ----------------XSDB Script----------------
connect -url tcp:127.0.0.1:3121
targets -set -nocase -filter {name =~"APU*"}
rst -system
after 3000
targets -set -filter {jtag_cable_name =~ "Digilent Zybo Z7 210351B3FC69A" && level==0 && jtag_device_ctx=="jsn-Zybo Z7-210351B3FC69A-13722093-0"}
fpga -file C:/Users/linnh/Sep-repository-2/Avancefinal/SW_Base_Booster/_ide/bitstream/DEMO_wrapper_new.bit
targets -set -nocase -filter {name =~"APU*"}
loadhw -hw C:/Users/linnh/Sep-repository-2/Avancefinal/HW_Base_Booster/export/HW_Base_Booster/hw/DEMO_wrapper_new.xsa -mem-ranges [list {0x40000000 0xbfffffff}] -regs
configparams force-mem-access 1
targets -set -nocase -filter {name =~"APU*"}
source C:/Users/linnh/Sep-repository-2/Avancefinal/SW_Base_Booster/_ide/psinit/ps7_init.tcl
ps7_init
ps7_post_config
targets -set -nocase -filter {name =~ "*A9*#0"}
dow C:/Users/linnh/Sep-repository-2/Avancefinal/SW_Base_Booster/Debug/SW_Base_Booster.elf
configparams force-mem-access 0
----------------End of Script----------------

16:52:01 INFO  : Context for processor 'ps7_cortexa9_0' is selected.
16:52:01 INFO  : 'con' command is executed.
16:52:01 INFO  : ----------------XSDB Script (After Launch)----------------
targets -set -nocase -filter {name =~ "*A9*#0"}
con
----------------End of Script----------------

16:52:01 INFO  : Launch script is exported to file 'C:\Users\linnh\Sep-repository-2\Avancefinal\.sdk\launch_scripts\single_application_debug\debugger_sw_base_booster-default_7.tcl'
16:53:28 INFO  : Checking for BSP changes to sync application flags for project 'SW_Base_Booster'...
16:53:38 INFO  : Disconnected from the channel tcfchan#9.
16:53:39 INFO  : Connected to target on host '127.0.0.1' and port '3121'.
16:53:40 INFO  : Jtag cable 'Digilent Zybo Z7 210351B3FC69A' is selected.
16:53:40 INFO  : 'jtag frequency' command is executed.
16:53:40 INFO  : Context for 'APU' is selected.
16:53:40 INFO  : System reset is completed.
16:53:43 INFO  : 'after 3000' command is executed.
16:53:43 INFO  : 'targets -set -filter {jtag_cable_name =~ "Digilent Zybo Z7 210351B3FC69A" && level==0 && jtag_device_ctx=="jsn-Zybo Z7-210351B3FC69A-13722093-0"}' command is executed.
16:53:44 INFO  : FPGA configured successfully with bitstream "C:/Users/linnh/Sep-repository-2/Avancefinal/SW_Base_Booster/_ide/bitstream/DEMO_wrapper_new.bit"
16:53:44 INFO  : Context for 'APU' is selected.
16:53:45 INFO  : Hardware design and registers information is loaded from 'C:/Users/linnh/Sep-repository-2/Avancefinal/HW_Base_Booster/export/HW_Base_Booster/hw/DEMO_wrapper_new.xsa'.
16:53:45 INFO  : 'configparams force-mem-access 1' command is executed.
16:53:45 INFO  : Context for 'APU' is selected.
16:53:45 INFO  : Sourcing of 'C:/Users/linnh/Sep-repository-2/Avancefinal/SW_Base_Booster/_ide/psinit/ps7_init.tcl' is done.
16:53:45 INFO  : 'ps7_init' command is executed.
16:53:45 INFO  : 'ps7_post_config' command is executed.
16:53:45 INFO  : Context for processor 'ps7_cortexa9_0' is selected.
16:53:46 INFO  : The application 'C:/Users/linnh/Sep-repository-2/Avancefinal/SW_Base_Booster/Debug/SW_Base_Booster.elf' is downloaded to processor 'ps7_cortexa9_0'.
16:53:46 INFO  : 'configparams force-mem-access 0' command is executed.
16:53:46 INFO  : ----------------XSDB Script----------------
connect -url tcp:127.0.0.1:3121
targets -set -nocase -filter {name =~"APU*"}
rst -system
after 3000
targets -set -filter {jtag_cable_name =~ "Digilent Zybo Z7 210351B3FC69A" && level==0 && jtag_device_ctx=="jsn-Zybo Z7-210351B3FC69A-13722093-0"}
fpga -file C:/Users/linnh/Sep-repository-2/Avancefinal/SW_Base_Booster/_ide/bitstream/DEMO_wrapper_new.bit
targets -set -nocase -filter {name =~"APU*"}
loadhw -hw C:/Users/linnh/Sep-repository-2/Avancefinal/HW_Base_Booster/export/HW_Base_Booster/hw/DEMO_wrapper_new.xsa -mem-ranges [list {0x40000000 0xbfffffff}] -regs
configparams force-mem-access 1
targets -set -nocase -filter {name =~"APU*"}
source C:/Users/linnh/Sep-repository-2/Avancefinal/SW_Base_Booster/_ide/psinit/ps7_init.tcl
ps7_init
ps7_post_config
targets -set -nocase -filter {name =~ "*A9*#0"}
dow C:/Users/linnh/Sep-repository-2/Avancefinal/SW_Base_Booster/Debug/SW_Base_Booster.elf
configparams force-mem-access 0
----------------End of Script----------------

16:53:46 INFO  : Context for processor 'ps7_cortexa9_0' is selected.
16:53:46 INFO  : 'con' command is executed.
16:53:46 INFO  : ----------------XSDB Script (After Launch)----------------
targets -set -nocase -filter {name =~ "*A9*#0"}
con
----------------End of Script----------------

16:53:46 INFO  : Launch script is exported to file 'C:\Users\linnh\Sep-repository-2\Avancefinal\.sdk\launch_scripts\single_application_debug\debugger_sw_base_booster-default_8.tcl'
17:01:30 INFO  : Checking for BSP changes to sync application flags for project 'SW_Base_Booster'...
17:01:37 INFO  : Checking for BSP changes to sync application flags for project 'SW_Base_Booster'...
17:01:49 INFO  : Disconnected from the channel tcfchan#10.
17:01:50 INFO  : Connected to target on host '127.0.0.1' and port '3121'.
17:01:50 INFO  : Jtag cable 'Digilent Zybo Z7 210351B3FC69A' is selected.
17:01:50 INFO  : 'jtag frequency' command is executed.
17:01:50 INFO  : Context for 'APU' is selected.
17:01:50 INFO  : System reset is completed.
17:01:53 INFO  : 'after 3000' command is executed.
17:01:53 INFO  : 'targets -set -filter {jtag_cable_name =~ "Digilent Zybo Z7 210351B3FC69A" && level==0 && jtag_device_ctx=="jsn-Zybo Z7-210351B3FC69A-13722093-0"}' command is executed.
17:01:55 INFO  : FPGA configured successfully with bitstream "C:/Users/linnh/Sep-repository-2/Avancefinal/SW_Base_Booster/_ide/bitstream/DEMO_wrapper_new.bit"
17:01:55 INFO  : Context for 'APU' is selected.
17:01:55 INFO  : Hardware design and registers information is loaded from 'C:/Users/linnh/Sep-repository-2/Avancefinal/HW_Base_Booster/export/HW_Base_Booster/hw/DEMO_wrapper_new.xsa'.
17:01:55 INFO  : 'configparams force-mem-access 1' command is executed.
17:01:55 INFO  : Context for 'APU' is selected.
17:01:55 INFO  : Sourcing of 'C:/Users/linnh/Sep-repository-2/Avancefinal/SW_Base_Booster/_ide/psinit/ps7_init.tcl' is done.
17:01:56 INFO  : 'ps7_init' command is executed.
17:01:56 INFO  : 'ps7_post_config' command is executed.
17:01:56 INFO  : Context for processor 'ps7_cortexa9_0' is selected.
17:01:56 INFO  : The application 'C:/Users/linnh/Sep-repository-2/Avancefinal/SW_Base_Booster/Debug/SW_Base_Booster.elf' is downloaded to processor 'ps7_cortexa9_0'.
17:01:57 INFO  : 'configparams force-mem-access 0' command is executed.
17:01:57 INFO  : ----------------XSDB Script----------------
connect -url tcp:127.0.0.1:3121
targets -set -nocase -filter {name =~"APU*"}
rst -system
after 3000
targets -set -filter {jtag_cable_name =~ "Digilent Zybo Z7 210351B3FC69A" && level==0 && jtag_device_ctx=="jsn-Zybo Z7-210351B3FC69A-13722093-0"}
fpga -file C:/Users/linnh/Sep-repository-2/Avancefinal/SW_Base_Booster/_ide/bitstream/DEMO_wrapper_new.bit
targets -set -nocase -filter {name =~"APU*"}
loadhw -hw C:/Users/linnh/Sep-repository-2/Avancefinal/HW_Base_Booster/export/HW_Base_Booster/hw/DEMO_wrapper_new.xsa -mem-ranges [list {0x40000000 0xbfffffff}] -regs
configparams force-mem-access 1
targets -set -nocase -filter {name =~"APU*"}
source C:/Users/linnh/Sep-repository-2/Avancefinal/SW_Base_Booster/_ide/psinit/ps7_init.tcl
ps7_init
ps7_post_config
targets -set -nocase -filter {name =~ "*A9*#0"}
dow C:/Users/linnh/Sep-repository-2/Avancefinal/SW_Base_Booster/Debug/SW_Base_Booster.elf
configparams force-mem-access 0
----------------End of Script----------------

17:01:57 INFO  : Context for processor 'ps7_cortexa9_0' is selected.
17:01:57 INFO  : 'con' command is executed.
17:01:57 INFO  : ----------------XSDB Script (After Launch)----------------
targets -set -nocase -filter {name =~ "*A9*#0"}
con
----------------End of Script----------------

17:01:57 INFO  : Launch script is exported to file 'C:\Users\linnh\Sep-repository-2\Avancefinal\.sdk\launch_scripts\single_application_debug\debugger_sw_base_booster-default_9.tcl'
17:03:42 INFO  : Checking for BSP changes to sync application flags for project 'SW_Base_Booster'...
17:03:54 INFO  : Disconnected from the channel tcfchan#11.
17:03:55 INFO  : Connected to target on host '127.0.0.1' and port '3121'.
17:03:55 INFO  : Jtag cable 'Digilent Zybo Z7 210351B3FC69A' is selected.
17:03:55 INFO  : 'jtag frequency' command is executed.
17:03:55 INFO  : Context for 'APU' is selected.
17:03:55 INFO  : System reset is completed.
17:03:58 INFO  : 'after 3000' command is executed.
17:03:58 INFO  : 'targets -set -filter {jtag_cable_name =~ "Digilent Zybo Z7 210351B3FC69A" && level==0 && jtag_device_ctx=="jsn-Zybo Z7-210351B3FC69A-13722093-0"}' command is executed.
17:04:00 INFO  : FPGA configured successfully with bitstream "C:/Users/linnh/Sep-repository-2/Avancefinal/SW_Base_Booster/_ide/bitstream/DEMO_wrapper_new.bit"
17:04:00 INFO  : Context for 'APU' is selected.
17:04:00 INFO  : Hardware design and registers information is loaded from 'C:/Users/linnh/Sep-repository-2/Avancefinal/HW_Base_Booster/export/HW_Base_Booster/hw/DEMO_wrapper_new.xsa'.
17:04:00 INFO  : 'configparams force-mem-access 1' command is executed.
17:04:00 INFO  : Context for 'APU' is selected.
17:04:00 INFO  : Sourcing of 'C:/Users/linnh/Sep-repository-2/Avancefinal/SW_Base_Booster/_ide/psinit/ps7_init.tcl' is done.
17:04:01 INFO  : 'ps7_init' command is executed.
17:04:01 INFO  : 'ps7_post_config' command is executed.
17:04:01 INFO  : Context for processor 'ps7_cortexa9_0' is selected.
17:04:02 INFO  : The application 'C:/Users/linnh/Sep-repository-2/Avancefinal/SW_Base_Booster/Debug/SW_Base_Booster.elf' is downloaded to processor 'ps7_cortexa9_0'.
17:04:02 INFO  : 'configparams force-mem-access 0' command is executed.
17:04:02 INFO  : ----------------XSDB Script----------------
connect -url tcp:127.0.0.1:3121
targets -set -nocase -filter {name =~"APU*"}
rst -system
after 3000
targets -set -filter {jtag_cable_name =~ "Digilent Zybo Z7 210351B3FC69A" && level==0 && jtag_device_ctx=="jsn-Zybo Z7-210351B3FC69A-13722093-0"}
fpga -file C:/Users/linnh/Sep-repository-2/Avancefinal/SW_Base_Booster/_ide/bitstream/DEMO_wrapper_new.bit
targets -set -nocase -filter {name =~"APU*"}
loadhw -hw C:/Users/linnh/Sep-repository-2/Avancefinal/HW_Base_Booster/export/HW_Base_Booster/hw/DEMO_wrapper_new.xsa -mem-ranges [list {0x40000000 0xbfffffff}] -regs
configparams force-mem-access 1
targets -set -nocase -filter {name =~"APU*"}
source C:/Users/linnh/Sep-repository-2/Avancefinal/SW_Base_Booster/_ide/psinit/ps7_init.tcl
ps7_init
ps7_post_config
targets -set -nocase -filter {name =~ "*A9*#0"}
dow C:/Users/linnh/Sep-repository-2/Avancefinal/SW_Base_Booster/Debug/SW_Base_Booster.elf
configparams force-mem-access 0
----------------End of Script----------------

17:04:02 INFO  : Context for processor 'ps7_cortexa9_0' is selected.
17:04:02 INFO  : 'con' command is executed.
17:04:02 INFO  : ----------------XSDB Script (After Launch)----------------
targets -set -nocase -filter {name =~ "*A9*#0"}
con
----------------End of Script----------------

17:04:02 INFO  : Launch script is exported to file 'C:\Users\linnh\Sep-repository-2\Avancefinal\.sdk\launch_scripts\single_application_debug\debugger_sw_base_booster-default_10.tcl'
17:07:36 INFO  : Disconnected from the channel tcfchan#12.
