Copyright 1986-2020 Xilinx, Inc. All Rights Reserved.
------------------------------------------------------------------------------------
| Tool Version : Vivado v.2020.1 (win64) Build 2902540 Wed May 27 19:54:49 MDT 2020
| Date         : Fri Dec  5 01:28:20 2025
| Host         : Armando running 64-bit major release  (build 9200)
| Command      : upgrade_ip
| Device       : xc7z010clg400-1
------------------------------------------------------------------------------------

Upgrade Log for IP 'DEMO_BuzzerBooster_Driver_0_1'

1. Summary
----------

SUCCESS in the conversion of DEMO_BuzzerBooster_Driver_0_1 (xilinx.com:user:BuzzerBooster_Driver_v1_0:1.0 (Rev. 5)) to Vivado generation flows.






Copyright 1986-2020 Xilinx, Inc. All Rights Reserved.
------------------------------------------------------------------------------------
| Tool Version : Vivado v.2020.1 (win64) Build 2902540 Wed May 27 19:54:49 MDT 2020
| Date         : Fri Dec  5 00:10:31 2025
| Host         : Armando running 64-bit major release  (build 9200)
| Command      : upgrade_ip
| Device       : xc7z010clg400-1
------------------------------------------------------------------------------------

Upgrade Log for IP 'DEMO_BuzzerBooster_Driver_0_1'

1. Summary
----------

CAUTION (success, with warnings) in the upgrade of DEMO_BuzzerBooster_Driver_0_1 (xilinx.com:user:BuzzerBooster_Driver_v1_0:1.0) from (Rev. 4) to (Rev. 5)

After upgrade, an IP may have parameter and port differences compared to the original customization. Please review the parameters within the IP customization GUI to ensure proper functionality. Also, please review the updated IP instantiation template to ensure proper connectivity, and update your design if required.

2. Connection Warnings
----------------------

Detected external port differences while upgrading 'DEMO_BuzzerBooster_Driver_0_1'. These changes may impact your design.


-Upgrade has removed port 'mute'


